[rebuild] data/xeron10_mix.jsonl disagrees with data/xeron10_mix_stats.json: rows 1,271,550 vs 3352791, size 1,204,472,901 vs None
sources: 112 files
  afrisenti.jsonl                    in    34,178  out    34,178  drop      0
  ag_news.jsonl                      in    29,996  out    29,996  drop      0
  amazon_polarity.jsonl              in    59,993  out    59,993  drop      0
  amazon_reviews_de.jsonl            in    11,981  out    11,981  drop      0
  amazon_reviews_en.jsonl            in    11,981  out    11,981  drop      0
  amazon_reviews_es.jsonl            in    11,957  out    11,957  drop      0
  amazon_reviews_fr.jsonl            in    11,971  out    11,971  drop      0
  amazon_reviews_ja.jsonl            in    12,000  out    12,000  drop      0
  amazon_reviews_zh.jsonl            in    11,831  out    11,831  drop      0
  anli.jsonl                         in   112,389  out   112,389  drop      0
  aqua_rat.jsonl                     in    89,970  out    89,970  drop      0
  belebele.jsonl                     in   109,484  out   109,484  drop      0
  c3.jsonl                           in     3,000  out     3,000  drop      0
  civil_comments.jsonl               in    79,020  out    79,020  drop      0
  clue_afqmc.jsonl                   in    15,000  out    15,000  drop      0
  clue_cmnli.jsonl                   in    24,963  out    24,963  drop      0
  clue_ocnli.jsonl                   in    20,000  out    20,000  drop      0
  clue_tnews.jsonl                   in    20,000  out    20,000  drop      0
  clue_wsc.jsonl                     in     1,128  out     1,128  drop      0
  cosmos_qa.jsonl                    in    19,990  out    19,990  drop      0
  dbpedia_14.jsonl                   in    37,041  out    37,041  drop      0
  emotion.jsonl                      in    16,000  out    16,000  drop      0
  fever_nli.jsonl                    in    29,071  out    29,071  drop      0
  fin_phrasebank_atrost.jsonl        in     3,000  out     3,000  drop      0
  fin_phrasebank_warwick.jsonl       in     4,292  out     4,292  drop      0
  global_mmlu.jsonl                  in   146,403  out   146,403  drop      0
  glue_cola.jsonl                    in     7,990  out     7,990  drop      0
  glue_mrpc.jsonl                    in     3,600  out     3,600  drop      0
  glue_qnli.jsonl                    in    15,000  out    15,000  drop      0
  glue_qqp.jsonl                     in    19,997  out    19,997  drop      0
  glue_rte.jsonl                     in     2,399  out     2,399  drop      0
  glue_sst2.jsonl                    in    19,987  out    19,987  drop      0
  glue_stsb.jsonl                    in     5,656  out     5,656  drop      0
  glue_wnli.jsonl                    in       600  out       600  drop      0
  go_emotions.jsonl                  in    19,956  out    19,956  drop      0
  include_lite_44.jsonl              in    10,716  out    10,716  drop      0
  jnli.jsonl                         in    14,989  out    14,989  drop      0
  jsts.jsonl                         in    11,993  out    11,993  drop      0
  kmmlu.jsonl                        in    23,399  out    23,399  drop      0
  kobest.jsonl                       in    11,784  out    11,784  drop      0
  kor_nli_mnli.jsonl                 in    19,999  out    19,999  drop      0
  kor_nli_snli.jsonl                 in    19,994  out    19,994  drop      0
  korean_extra.jsonl                 in    41,661  out    41,661  drop      0
  logiqa2.jsonl                      in    11,926  out    11,926  drop      0
  marc_ja.jsonl                      in    19,979  out    19,979  drop      0
  masakhanews.jsonl                  in    22,154  out    22,154  drop      0
  massive.jsonl                      in   560,040  out   560,040  drop      0
  massive_scenario.jsonl             in    91,800  out    91,800  drop      0
  math_qa.jsonl                      in    23,939  out    23,939  drop      0
  measuring_hate.jsonl               in    34,941  out    34,941  drop      0
  mlnli_ar.jsonl                     in     1,250  out     1,250  drop      0
  mlnli_bn.jsonl                     in     1,250  out     1,250  drop      0
  mlnli_de.jsonl                     in     1,250  out     1,250  drop      0
  mlnli_es.jsonl                     in     1,250  out     1,250  drop      0
  mlnli_fa.jsonl                     in     1,250  out     1,250  drop      0
  mlnli_fr.jsonl                     in     1,249  out     1,249  drop      0
  mlnli_he.jsonl                     in     1,250  out     1,250  drop      0
  mlnli_hi.jsonl                     in     1,250  out     1,250  drop      0
  mlnli_id.jsonl                     in     1,250  out     1,250  drop      0
  mlnli_it.jsonl                     in     1,250  out     1,250  drop      0
  mlnli_ja.jsonl                     in     1,250  out     1,250  drop      0
  mlnli_ko.jsonl                     in     1,250  out     1,250  drop      0
  mlnli_mr.jsonl                     in     1,248  out     1,248  drop      0
  mlnli_nl.jsonl                     in     1,250  out     1,250  drop      0
  mlnli_pl.jsonl                     in     1,250  out     1,250  drop      0
  mlnli_ps.jsonl                     in     1,250  out     1,250  drop      0
  mlnli_pt.jsonl                     in     1,250  out     1,250  drop      0
  mlnli_ru.jsonl                     in     1,250  out     1,250  drop      0
  mlnli_sv.jsonl                     in     1,250  out     1,250  drop      0
  mlnli_sw.jsonl                     in     1,250  out     1,250  drop      0
  mlnli_ta.jsonl                     in     1,242  out     1,242  drop      0
  mlnli_tr.jsonl                     in     1,250  out     1,250  drop      0
  mlnli_uk.jsonl                     in     1,250  out     1,250  drop      0
  mlnli_ur.jsonl                     in     1,250  out     1,250  drop      0
  mlnli_vi.jsonl                     in     1,250  out     1,250  drop      0
  mlnli_zh.jsonl                     in     1,250  out     1,250  drop      0
  mmlu_pro.jsonl                     in    11,999  out    11,999  drop      0
  mmlu_prox.jsonl                    in    69,620  out    69,620  drop      0
  mnli.jsonl                         in    30,000  out    30,000  drop      0
  mtop_domain.jsonl                  in    20,000  out    20,000  drop      0
  mtop_intent.jsonl                  in    17,463  out    17,463  drop      0
  nsmc.jsonl                         in    29,671  out    29,671  drop      0
  paws_x.jsonl                       in    55,565  out    55,565  drop      0
  qasc.jsonl                         in     8,000  out     8,000  drop      0
  race.jsonl                         in    79,916  out    79,916  drop      0
  sib200.jsonl                       in   205,820  out   205,820  drop      0
  snli.jsonl                         in    29,958  out    29,958  drop      0
  social_i_qa.jsonl                  in    24,956  out    24,956  drop      0
  sst5.jsonl                         in     8,534  out     8,534  drop      0
  super_glue.jsonl                   in    18,098  out    18,098  drop      0
  vitaminc.jsonl                     in    39,933  out    39,933  drop      0
  winogrande.jsonl                   in    17,630  out    17,630  drop      0
  xcopa.jsonl                        in     6,600  out     6,600  drop      0
  xnli.jsonl                         in   374,965  out   374,965  drop      0
  xstory_cloze.jsonl                 in    20,578  out    20,578  drop      0
  xwinograd.jsonl                    in     4,442  out     4,442  drop      0
  yahoo_topics.jsonl                 in    19,998  out    19,998  drop      0
  yelp_polarity.jsonl                in    39,995  out    39,995  drop      0
  jevbench_full.jsonl                in   101,953  out    85,503  drop 16,450
  jevbench_extra_banking77.jsonl     in     5,092  out     5,092  drop      0
  jevbench_extra_chaosnli.jsonl      in     1,599  out     1,599  drop      0
  jevbench_extra_clinc150.jsonl      in     4,954  out     4,906  drop     48
  jevbench_extra_ledgar.jsonl        in     4,439  out     4,439  drop      0
  jevbench_extra_massive.jsonl       in     6,022  out     5,889  drop    133
  korean_typed.jsonl                 in    82,344  out    82,333  drop     11
  anli_typed.jsonl                   in    24,000  out    23,993  drop      7
  browser_typed.jsonl                in    28,899  out    28,393  drop    506
  long_typed.jsonl                   in    16,314  out     4,994  drop 11,320
  mind2web_typed.jsonl               in    14,724  out     7,324  drop  7,400
  mmlu_typed.jsonl                   in    15,000  out    15,000  drop      0
  hellaswag_typed.jsonl              in    10,000  out     9,999  drop      1
  arc_typed.jsonl                    in     3,000  out     3,000  drop      0

rows in 3,425,708 -> out 3,389,832 (dropped 35,876)
sha256 eb790a51d464b6b8793da397d604f23dbf94f412da211d11d2531b88b72668dd  size 3,267,115,980 B
dropped by reason: {'choice_arity_gt_16': 26675, 'duplicate_state': 8813, 'empty_state': 312, 'answer_marker_in_state': 76}
fixes: {'score_dict_to_list': 80255}
qtype: {'choice': 3051330, 'score': 129545, 'noul': 208957}   lang tags: 353   max workflow share: 16.520% (massive-intent)
-> data/xeron10_mix.jsonl
-> data/xeron10_mix_stats.json
