  afrisenti.jsonl                    in    34,178  out    34,178  drop      0
  ag_news.jsonl                      in    29,996  out    29,996  drop      0
  amazon_polarity.jsonl              in    59,993  out    59,993  drop      0
  amazon_reviews_de.jsonl            in    11,981  out    11,981  drop      0
  amazon_reviews_en.jsonl            in    11,981  out    11,981  drop      0
  amazon_reviews_es.jsonl            in    11,957  out    11,957  drop      0
  amazon_reviews_fr.jsonl            in    11,971  out    11,971  drop      0
  amazon_reviews_ja.jsonl            in    12,000  out    12,000  drop      0
  amazon_reviews_zh.jsonl            in    11,831  out    11,831  drop      0
  anli.jsonl                         in   112,389  out   112,389  drop      0
  aqua_rat.jsonl                     in    89,970  out    89,970  drop      0
  belebele.jsonl                     in   109,484  out   109,484  drop      0
  c3.jsonl                           in     3,000  out     3,000  drop      0
  civil_comments.jsonl               in    79,020  out    79,020  drop      0
  clue_afqmc.jsonl                   in    15,000  out    15,000  drop      0
  clue_cmnli.jsonl                   in    24,963  out    24,963  drop      0
  clue_ocnli.jsonl                   in    20,000  out    20,000  drop      0
  clue_tnews.jsonl                   in    20,000  out    20,000  drop      0
  clue_wsc.jsonl                     in     1,128  out     1,128  drop      0
  cosmos_qa.jsonl                    in    19,990  out    19,990  drop      0
  dbpedia_14.jsonl                   in    37,041  out    37,041  drop      0
  emotion.jsonl                      in    16,000  out    16,000  drop      0
  fever_nli.jsonl                    in    29,071  out    29,071  drop      0
  fin_phrasebank_atrost.jsonl        in     3,000  out     3,000  drop      0
  fin_phrasebank_warwick.jsonl       in     4,292  out     4,292  drop      0
  global_mmlu.jsonl                  in   146,403  out   146,403  drop      0
  glue_cola.jsonl                    in     7,990  out     7,990  drop      0
  glue_mrpc.jsonl                    in     3,600  out     3,600  drop      0
  glue_qnli.jsonl                    in    15,000  out    15,000  drop      0
  glue_qqp.jsonl                     in    19,997  out    19,997  drop      0
  glue_rte.jsonl                     in     2,399  out     2,399  drop      0
  glue_sst2.jsonl                    in    19,987  out    19,987  drop      0
  glue_stsb.jsonl                    in     5,656  out     5,656  drop      0
  glue_wnli.jsonl                    in       600  out       600  drop      0
  go_emotions.jsonl                  in    19,956  out    19,956  drop      0
  include_lite_44.jsonl              in    10,716  out    10,716  drop      0
  jnli.jsonl                         in    14,989  out    14,989  drop      0
  jsts.jsonl                         in    11,993  out    11,993  drop      0
  kmmlu.jsonl                        in    23,399  out    23,399  drop      0
  kobest.jsonl                       in    11,784  out    11,784  drop      0
  kor_nli_mnli.jsonl                 in    19,999  out    19,999  drop      0
  kor_nli_snli.jsonl                 in    19,994  out    19,994  drop      0
  korean_extra.jsonl                 in    41,661  out    41,661  drop      0
  logiqa2.jsonl                      in    11,926  out    11,926  drop      0
  marc_ja.jsonl                      in    19,979  out    19,979  drop      0
  masakhanews.jsonl                  in    22,154  out    22,154  drop      0
